L 0, 4
L 1000, 4
L 2000, 4
L 3000, 4
L 4000, 4
L 5000, 4
L 6000, 4
L 7000, 4
L 8000, 4
L 9000, 4
L a000, 4
L b000, 4
L c000, 4
L d000, 4
L e000, 4
L f000, 4
L fffc, 8
L 10000, 4
L fffc, 8
L fffc, 8
L 10000, 4
S 10004, 4
L 4000, 4
L fffc, 8
L 10000, 4
S 10004, 4
L 11000, 4
L fffc, 8
L 10000, 4
S 10004, 4
L 8000, 4
L fffc, 8
L 10000, 4
S 10004, 4
L 10000, 4
L fffc, 8
L 10000, 4
S 10004, 4
L c000, 4
L fffc, 8
L 10000, 4
S 10004, 4
L 4000, 4
L fffc, 8
L 10000, 4
S 10004, 4
L f000, 4
L fffc, 8
L 10000, 4
S 10004, 4
L 9000, 4
L fffc, 8
L 10000, 4
S 10004, 4
L 7000, 4
L fffc, 8
L 10000, 4
S 10004, 4
L 1000, 4
L fffc, 8
L 10000, 4
S 10004, 4
L c000, 4
L fffc, 8
L 10000, 4
S 10004, 4
L 2000, 4
L fffc, 8
L 10000, 4
S 10004, 4
L 2000, 4
L fffc, 8
L 10000, 4
S 10004, 4
L 9000, 4
L fffc, 8
L 10000, 4
S 10004, 4
L 5000, 4
L fffc, 8
L 10000, 4
S 10004, 4
L 2000, 4
L fffc, 8
L 10000, 4
S 10004, 4
L a000, 4
L fffc, 8
L 10000, 4
S 10004, 4
L 10000, 4
L fffc, 8
L 10000, 4
S 10004, 4
L 3000, 4
L fffc, 8
L 10000, 4
S 10004, 4
L a000, 4
L fffc, 8
L 10000, 4
S 10004, 4
L 4000, 4
L fffc, 8
L 10000, 4
S 10004, 4
L 7000, 4
L fffc, 8
L 10000, 4
S 10004, 4
L f000, 4
L fffc, 8
L 10000, 4
S 10004, 4
L 8000, 4
L fffc, 8
L 10000, 4
S 10004, 4
L 0, 4
L fffc, 8
L 10000, 4
S 10004, 4
L 5000, 4
L fffc, 8
L 10000, 4
S 10004, 4
L e000, 4
L fffc, 8
L 10000, 4
S 10004, 4
L 0, 4
L fffc, 8
L 10000, 4
S 10004, 4
L 4000, 4
L fffc, 8
L 10000, 4
S 10004, 4
L 2000, 4
L fffc, 8
L 10000, 4
S 10004, 4
L 13000, 4
L fffc, 8
L 10000, 4
S 10004, 4
L c000, 4
L fffc, 8
L 10000, 4
S 10004, 4
L 6000, 4
L fffc, 8
L 10000, 4
S 10004, 4
L 0, 4
L fffc, 8
L 10000, 4
S 10004, 4
L b000, 4
L fffc, 8
L 10000, 4
S 10004, 4
L f000, 4
L fffc, 8
L 10000, 4
S 10004, 4
L e000, 4
L fffc, 8
L 10000, 4
S 10004, 4
L 7000, 4
L fffc, 8
L 10000, 4
S 10004, 4
L 6000, 4
L fffc, 8
L 10000, 4
S 10004, 4
L 2000, 4
L fffc, 8
L 10000, 4
S 10004, 4
L 13000, 4
L fffc, 8
L 10000, 4
S 10004, 4
L 4000, 4
L fffc, 8
L 10000, 4
S 10004, 4
L d000, 4
L fffc, 8
L 10000, 4
S 10004, 4
L 5000, 4
L fffc, 8
L 10000, 4
S 10004, 4
L d000, 4
L fffc, 8
L 10000, 4
S 10004, 4
L d000, 4
L fffc, 8
L 10000, 4
S 10004, 4
L 4000, 4
L fffc, 8
L 10000, 4
S 10004, 4
L 7000, 4
L fffc, 8
L 10000, 4
S 10004, 4
L f000, 4
L fffc, 8
L 10000, 4
S 10004, 4
L f000, 4
L fffc, 8
L 10000, 4
S 10004, 4
L 2000, 4
L fffc, 8
L 10000, 4
S 10004, 4
L 12000, 4
L fffc, 8
L 10000, 4
S 10004, 4
L b000, 4
L fffc, 8
L 10000, 4
S 10004, 4
L 1000, 4
L fffc, 8
L 10000, 4
S 10004, 4
L 5000, 4
L fffc, 8
L 10000, 4
S 10004, 4
L 9000, 4
L fffc, 8
L 10000, 4
S 10004, 4
L b000, 4
L fffc, 8
L 10000, 4
S 10004, 4
L 4000, 4
L fffc, 8
L 10000, 4
S 10004, 4
L d000, 4
L fffc, 8
L 10000, 4
S 10004, 4
L 2000, 4
L fffc, 8
L 10000, 4
S 10004, 4
L e000, 4
L fffc, 8
L 10000, 4
S 10004, 4
L 7000, 4
L fffc, 8
L 10000, 4
S 10004, 4
L 2000, 4
L fffc, 8
L 10000, 4
S 10004, 4
L 0, 4
L fffc, 8
L 10000, 4
S 10004, 4
L c000, 4
L fffc, 8
L 10000, 4
S 10004, 4
L 0, 4
L fffc, 8
L 10000, 4
S 10004, 4
L 11000, 4
L fffc, 8
L 10000, 4
S 10004, 4
L 0, 4
L fffc, 8
L 10000, 4
S 10004, 4
L 10000, 4
L fffc, 8
L 10000, 4
S 10004, 4
L 1000, 4
L fffc, 8
L 10000, 4
S 10004, 4
L d000, 4
L fffc, 8
L 10000, 4
S 10004, 4
L 7000, 4
L fffc, 8
L 10000, 4
S 10004, 4
L a000, 4
L fffc, 8
L 10000, 4
S 10004, 4
L 10000, 4
L fffc, 8
L 10000, 4
S 10004, 4
L 6000, 4
L fffc, 8
L 10000, 4
S 10004, 4
L a000, 4
L fffc, 8
L 10000, 4
S 10004, 4
L 3000, 4
L fffc, 8
L 10000, 4
S 10004, 4
L 2000, 4
L fffc, 8
L 10000, 4
S 10004, 4
L 10000, 4
L fffc, 8
L 10000, 4
S 10004, 4
L f000, 4
L fffc, 8
L 10000, 4
S 10004, 4
L 11000, 4
L fffc, 8
L 10000, 4
S 10004, 4
L b000, 4
L fffc, 8
L 10000, 4
S 10004, 4
L a000, 4
L fffc, 8
L 10000, 4
S 10004, 4
L 3000, 4
L fffc, 8
L 10000, 4
S 10004, 4
L f000, 4
L fffc, 8
L 10000, 4
S 10004, 4
L a000, 4
L fffc, 8
L 10000, 4
S 10004, 4
L 9000, 4
L fffc, 8
L 10000, 4
S 10004, 4
L 8000, 4
L fffc, 8
L 10000, 4
S 10004, 4
L f000, 4
L fffc, 8
L 10000, 4
S 10004, 4
L 3000, 4
L fffc, 8
L 10000, 4
S 10004, 4
L 6000, 4
L fffc, 8
L 10000, 4
S 10004, 4
L 5000, 4
L fffc, 8
L 10000, 4
S 10004, 4
L a000, 4
L fffc, 8
L 10000, 4
S 10004, 4
L 10000, 4
L fffc, 8
L 10000, 4
S 10004, 4
L 11000, 4
L fffc, 8
L 10000, 4
S 10004, 4
L c000, 4
L fffc, 8
L 10000, 4
S 10004, 4
L e000, 4
L fffc, 8
L 10000, 4
S 10004, 4
L b000, 4
L fffc, 8
L 10000, 4
S 10004, 4
L 7000, 4
L fffc, 8
L 10000, 4
S 10004, 4
L 13000, 4
L fffc, 8
L 10000, 4
S 10004, 4
L 4000, 4
L fffc, 8
L 10000, 4
S 10004, 4
L 6000, 4
L fffc, 8
L 10000, 4
S 10004, 4
L 2000, 4
L fffc, 8
L 10000, 4
S 10004, 4
L 8000, 4
L fffc, 8
L 10000, 4
S 10004, 4
L 10000, 4
L fffc, 8
L 10000, 4
S 10004, 4
L f000, 4
L fffc, 8
L 10000, 4
S 10004, 4
L b000, 4
L fffc, 8
L 10000, 4
S 10004, 4
L f000, 4
L fffc, 8
L 10000, 4
S 10004, 4
L e000, 4
L fffc, 8
L 10000, 4
S 10004, 4
L 12000, 4
L fffc, 8
L 10000, 4
S 10004, 4
L 13000, 4
L fffc, 8
L 10000, 4
S 10004, 4
L 4000, 4
L fffc, 8
L 10000, 4
S 10004, 4
L a000, 4
L fffc, 8
L 10000, 4
S 10004, 4
L 4000, 4
L fffc, 8
L 10000, 4
S 10004, 4
L 2000, 4
L fffc, 8
L 10000, 4
S 10004, 4
L a000, 4
L fffc, 8
L 10000, 4
S 10004, 4
L f000, 4
L fffc, 8
L 10000, 4
S 10004, 4
L f000, 4
L fffc, 8
L 10000, 4
S 10004, 4
L 13000, 4
L fffc, 8
L 10000, 4
S 10004, 4
L a000, 4
L fffc, 8
L 10000, 4
S 10004, 4
L f000, 4
L fffc, 8
L 10000, 4
S 10004, 4
L 4000, 4
L fffc, 8
L 10000, 4
S 10004, 4
L c000, 4
L fffc, 8
L 10000, 4
S 10004, 4
L 10000, 4
L fffc, 8
L 10000, 4
S 10004, 4
L 6000, 4
L fffc, 8
L 10000, 4
S 10004, 4
L 1000, 4
L fffc, 8
L 10000, 4
S 10004, 4
L 8000, 4
L fffc, 8
L 10000, 4
S 10004, 4
L b000, 4
L fffc, 8
L 10000, 4
S 10004, 4
L 5000, 4
L fffc, 8
L 10000, 4
S 10004, 4
L 10000, 4
L fffc, 8
L 10000, 4
S 10004, 4
L 4000, 4
L fffc, 8
L 10000, 4
S 10004, 4
L 2000, 4
L fffc, 8
L 10000, 4
S 10004, 4
L 5000, 4
L fffc, 8
L 10000, 4
S 10004, 4
L 13000, 4
L fffc, 8
L 10000, 4
S 10004, 4
L 2000, 4
L fffc, 8
L 10000, 4
S 10004, 4
L 13000, 4
L fffc, 8
L 10000, 4
S 10004, 4
L 5000, 4
L fffc, 8
L 10000, 4
S 10004, 4
L 5000, 4
L fffc, 8
L 10000, 4
S 10004, 4
L b000, 4
L fffc, 8
L 10000, 4
S 10004, 4
L f000, 4
L fffc, 8
L 10000, 4
S 10004, 4
L 11000, 4
L fffc, 8
L 10000, 4
S 10004, 4
L 5000, 4
L fffc, 8
L 10000, 4
S 10004, 4
L f000, 4
L fffc, 8
L 10000, 4
S 10004, 4
L d000, 4
L fffc, 8
L 10000, 4
S 10004, 4
L e000, 4
L fffc, 8
L 10000, 4
S 10004, 4
L 9000, 4
L fffc, 8
L 10000, 4
S 10004, 4
L 11000, 4
L fffc, 8
L 10000, 4
S 10004, 4
L 10000, 4
L fffc, 8
L 10000, 4
S 10004, 4
L 13000, 4
L fffc, 8
L 10000, 4
S 10004, 4
L 3000, 4
L fffc, 8
L 10000, 4
S 10004, 4
L 10000, 4
L fffc, 8
L 10000, 4
S 10004, 4
L 11000, 4
L fffc, 8
L 10000, 4
S 10004, 4
L 9000, 4
L fffc, 8
L 10000, 4
S 10004, 4
L 11000, 4
L fffc, 8
L 10000, 4
S 10004, 4
L e000, 4
L fffc, 8
L 10000, 4
S 10004, 4
L 10000, 4
L fffc, 8
L 10000, 4
S 10004, 4
L 10000, 4
L fffc, 8
L 10000, 4
S 10004, 4
L 13000, 4
L fffc, 8
L 10000, 4
S 10004, 4
L 6000, 4
L fffc, 8
L 10000, 4
S 10004, 4
L 4000, 4
L fffc, 8
L 10000, 4
S 10004, 4
L c000, 4
L fffc, 8
L 10000, 4
S 10004, 4
L f000, 4
L fffc, 8
L 10000, 4
S 10004, 4
L 12000, 4
L fffc, 8
L 10000, 4
S 10004, 4
L 12000, 4
L fffc, 8
L 10000, 4
S 10004, 4
L b000, 4
L fffc, 8
L 10000, 4
S 10004, 4
L 1000, 4
L fffc, 8
L 10000, 4
S 10004, 4
L 7000, 4
L fffc, 8
L 10000, 4
S 10004, 4
L 0, 4
L fffc, 8
L 10000, 4
S 10004, 4
L b000, 4
L fffc, 8
L 10000, 4
S 10004, 4
L 13000, 4
L fffc, 8
L 10000, 4
S 10004, 4
L 4000, 4
L fffc, 8
L 10000, 4
S 10004, 4
L 13000, 4
L fffc, 8
L 10000, 4
S 10004, 4
L 2000, 4
L fffc, 8
L 10000, 4
S 10004, 4
L e000, 4
L fffc, 8
L 10000, 4
S 10004, 4
L 0, 4
L fffc, 8
L 10000, 4
S 10004, 4
L b000, 4
L fffc, 8
L 10000, 4
S 10004, 4
L 4000, 4
L fffc, 8
L 10000, 4
S 10004, 4
L 1000, 4
L fffc, 8
L 10000, 4
S 10004, 4
L 7000, 4
L fffc, 8
L 10000, 4
S 10004, 4
L d000, 4
L fffc, 8
L 10000, 4
S 10004, 4
L 2000, 4
L fffc, 8
L 10000, 4
S 10004, 4
L 2000, 4
L fffc, 8
L 10000, 4
S 10004, 4
L d000, 4
L fffc, 8
L 10000, 4
S 10004, 4
L f000, 4
L fffc, 8
L 10000, 4
S 10004, 4
L 12000, 4
L fffc, 8
L 10000, 4
S 10004, 4
L 0, 4
L fffc, 8
L 10000, 4
S 10004, 4
L c000, 4
L fffc, 8
L 10000, 4
S 10004, 4
L d000, 4
L fffc, 8
L 10000, 4
S 10004, 4
L 6000, 4
L fffc, 8
L 10000, 4
S 10004, 4
L c000, 4
L fffc, 8
L 10000, 4
S 10004, 4
L 10000, 4
L fffc, 8
L 10000, 4
S 10004, 4
L 13000, 4
L fffc, 8
L 10000, 4
S 10004, 4
L 13000, 4
L fffc, 8
L 10000, 4
S 10004, 4
L 13000, 4
L fffc, 8
L 10000, 4
S 10004, 4
L 4000, 4
L fffc, 8
L 10000, 4
S 10004, 4
L 2000, 4
L fffc, 8
L 10000, 4
S 10004, 4
L 5000, 4
L fffc, 8
L 10000, 4
S 10004, 4
L 12000, 4
L fffc, 8
L 10000, 4
S 10004, 4
L 6000, 4
L fffc, 8
L 10000, 4
S 10004, 4
L b000, 4
